------------------------------------------------------------
Timing Analyzer Summary
------------------------------------------------------------

Type  : Slow 1100mV 85C Model Setup 'clock'
Slack : -0.240
TNS   : -0.240

Type  : Slow 1100mV 85C Model Hold 'clock'
Slack : 0.542
TNS   : 0.000

Type  : Slow 1100mV 85C Model Minimum Pulse Width 'clock'
Slack : -0.724
TNS   : -2.211

Type  : Slow 1100mV 0C Model Setup 'clock'
Slack : -0.180
TNS   : -0.180

Type  : Slow 1100mV 0C Model Hold 'clock'
Slack : 0.520
TNS   : 0.000

Type  : Slow 1100mV 0C Model Minimum Pulse Width 'clock'
Slack : -0.724
TNS   : -2.265

Type  : Fast 1100mV 85C Model Setup 'clock'
Slack : 0.411
TNS   : 0.000

Type  : Fast 1100mV 85C Model Hold 'clock'
Slack : 0.236
TNS   : 0.000

Type  : Fast 1100mV 85C Model Minimum Pulse Width 'clock'
Slack : -0.078
TNS   : -0.156

Type  : Fast 1100mV 0C Model Setup 'clock'
Slack : 0.453
TNS   : 0.000

Type  : Fast 1100mV 0C Model Hold 'clock'
Slack : 0.213
TNS   : 0.000

Type  : Fast 1100mV 0C Model Minimum Pulse Width 'clock'
Slack : -0.081
TNS   : -0.162

------------------------------------------------------------
